<?xml version="1.0" encoding="utf-8"?><testsuites><testsuite errors="0" failures="0" hostname="olivxHost" name="pytest" skipped="0" tests="9" time="1.311" timestamp="2021-03-08T22:10:03.573021"><testcase classname="boardgame.tests.test_board" name="test_board_lenth" time="0.001" /><testcase classname="boardgame.tests.test_board" name="test_board_walk" time="0.001" /><testcase classname="boardgame.tests.test_board" name="test_board_check_winner" time="0.001" /><testcase classname="boardgame.tests.test_player" name="test_bay_house_player_impulsive" time="0.001" /><testcase classname="boardgame.tests.test_player" name="test_rent_or_bay_player_demanding_less_than_50" time="0.001" /><testcase classname="boardgame.tests.test_player" name="test_rent_or_bay_player_demanding_more_than_50" time="0.001" /><testcase classname="boardgame.tests.test_player" name="test_rent_or_bay_player_player_cautious_cant_bay" time="0.001" /><testcase classname="boardgame.tests.test_player" name="test_rent_or_bay_player_player_cautious_can_bay" time="0.001" /><testcase classname="boardgame.tests.test_show" name="test_show_results" time="0.001" /></testsuite></testsuites>